mark - способ добавить метаданные в тест
тест паттерн:
-arrange -подготовить дб, логины, апи
-act - непосредственное действие в тесте: например, совершить вызов апи
-assert - 

fixtures:

    fixtures - это ф-ции
    выполняются до или после теста
    как раз полезны, чтобы подготовить данные к тесту(скормить ьему какие-либо данные), сделать запрос к апи и т.д.
    @pytest.fixture
    def yield 6

    @pytest.mark.django_db - позволяет юзать базу данных